// Jest Snapshot v1, https://goo.gl/fbAQLP

exports[`Keypad mounted-keypad should render correctly 1`] = `ReactWrapper {}`;

exports[`Keypad should render correctly 1`] = `ShallowWrapper {}`;
